2026-05-25 23:57:55,191 - httpx - INFO - HTTP Request: POST https://api.telegram.org/bot8554458574:AAHmpmEOGfjfNTSUDSLp0gBLyDLLEs_IxCM/getUpdates "HTTP/1.1 200 OK"
2026-05-25 23:58:05,353 - httpx - INFO - HTTP Request: POST https://api.telegram.org/bot8554458574:AAHmpmEOGfjfNTSUDSLp0gBLyDLLEs_IxCM/getUpdates "HTTP/1.1 200 OK"
2026-05-25 23:58:15,515 - httpx - INFO - HTTP Request: POST https://api.telegram.org/bot8554458574:AAHmpmEOGfjfNTSUDSLp0gBLyDLLEs_IxCM/getUpdates "HTTP/1.1 200 OK"
2026-05-25 23:58:25,685 - httpx - INFO - HTTP Request: POST https://api.telegram.org/bot8554458574:AAHmpmEOGfjfNTSUDSLp0gBLyDLLEs_IxCM/getUpdates "HTTP/1.1 200 OK"
2026-05-25 23:58:34,946 - httpx - INFO - HTTP Request: POST https://api.telegram.org/bot8554458574:AAHmpmEOGfjfNTSUDSLp0gBLyDLLEs_IxCM/getUpdates "HTTP/1.1 200 OK"
2026-05-25 23:58:35,597 - httpx - INFO - HTTP Request: POST https://api.telegram.org/bot8554458574:AAHmpmEOGfjfNTSUDSLp0gBLyDLLEs_IxCM/deleteMessage "HTTP/1.1 200 OK"
2026-05-25 23:58:35,954 - httpx - INFO - HTTP Request: POST https://api.telegram.org/bot8554458574:AAHmpmEOGfjfNTSUDSLp0gBLyDLLEs_IxCM/sendMessage "HTTP/1.1 200 OK"
2026-05-25 23:58:36,350 - httpx - INFO - HTTP Request: POST https://api.telegram.org/bot8554458574:AAHmpmEOGfjfNTSUDSLp0gBLyDLLEs_IxCM/deleteMessage "HTTP/1.1 200 OK"
2026-05-25 23:58:36,720 - httpx - INFO - HTTP Request: POST https://api.telegram.org/bot8554458574:AAHmpmEOGfjfNTSUDSLp0gBLyDLLEs_IxCM/sendPhoto "HTTP/1.1 200 OK"
2026-05-25 23:58:45,108 - httpx - INFO - HTTP Request: POST https://api.telegram.org/bot8554458574:AAHmpmEOGfjfNTSUDSLp0gBLyDLLEs_IxCM/getUpdates "HTTP/1.1 200 OK"
2026-05-25 23:58:55,268 - httpx - INFO - HTTP Request: POST https://api.telegram.org/bot8554458574:AAHmpmEOGfjfNTSUDSLp0gBLyDLLEs_IxCM/getUpdates "HTTP/1.1 200 OK"
2026-05-25 23:59:05,444 - httpx - INFO - HTTP Request: POST https://api.telegram.org/bot8554458574:AAHmpmEOGfjfNTSUDSLp0gBLyDLLEs_IxCM/getUpdates "HTTP/1.1 200 OK"
2026-05-25 23:59:06,202 - httpx - INFO - HTTP Request: POST https://api.telegram.org/bot8554458574:AAHmpmEOGfjfNTSUDSLp0gBLyDLLEs_IxCM/getUpdates "HTTP/1.1 200 OK"
2026-05-25 23:59:07,022 - httpx - INFO - HTTP Request: POST https://api.telegram.org/bot8554458574:AAHmpmEOGfjfNTSUDSLp0gBLyDLLEs_IxCM/answerCallbackQuery "HTTP/1.1 200 OK"
2026-05-25 23:59:07,479 - httpx - INFO - HTTP Request: POST https://api.telegram.org/bot8554458574:AAHmpmEOGfjfNTSUDSLp0gBLyDLLEs_IxCM/editMessageCaption "HTTP/1.1 200 OK"
2026-05-25 23:59:07,844 - httpx - INFO - HTTP Request: POST https://api.telegram.org/bot8554458574:AAHmpmEOGfjfNTSUDSLp0gBLyDLLEs_IxCM/answerCallbackQuery "HTTP/1.1 200 OK"
2026-05-25 23:59:10,167 - httpx - INFO - HTTP Request: POST https://api.telegram.org/bot8554458574:AAHmpmEOGfjfNTSUDSLp0gBLyDLLEs_IxCM/getUpdates "HTTP/1.1 200 OK"
2026-05-25 23:59:10,546 - httpx - INFO - HTTP Request: POST https://api.telegram.org/bot8554458574:AAHmpmEOGfjfNTSUDSLp0gBLyDLLEs_IxCM/answerCallbackQuery "HTTP/1.1 200 OK"
2026-05-25 23:59:11,003 - httpx - INFO - HTTP Request: POST https://api.telegram.org/bot8554458574:AAHmpmEOGfjfNTSUDSLp0gBLyDLLEs_IxCM/editMessageCaption "HTTP/1.1 200 OK"
2026-05-25 23:59:11,476 - httpx - INFO - HTTP Request: POST https://api.telegram.org/bot8554458574:AAHmpmEOGfjfNTSUDSLp0gBLyDLLEs_IxCM/answerCallbackQuery "HTTP/1.1 200 OK"
2026-05-25 23:59:13,428 - httpx - INFO - HTTP Request: POST https://api.telegram.org/bot8554458574:AAHmpmEOGfjfNTSUDSLp0gBLyDLLEs_IxCM/getUpdates "HTTP/1.1 200 OK"
2026-05-25 23:59:13,843 - httpx - INFO - HTTP Request: POST https://api.telegram.org/bot8554458574:AAHmpmEOGfjfNTSUDSLp0gBLyDLLEs_IxCM/answerCallbackQuery "HTTP/1.1 200 OK"
2026-05-25 23:59:14,332 - httpx - INFO - HTTP Request: POST https://api.telegram.org/bot8554458574:AAHmpmEOGfjfNTSUDSLp0gBLyDLLEs_IxCM/editMessageCaption "HTTP/1.1 200 OK"
2026-05-25 23:59:14,753 - httpx - INFO - HTTP Request: POST https://api.telegram.org/bot8554458574:AAHmpmEOGfjfNTSUDSLp0gBLyDLLEs_IxCM/answerCallbackQuery "HTTP/1.1 200 OK"
2026-05-25 23:59:17,862 - httpx - INFO - HTTP Request: POST https://api.telegram.org/bot8554458574:AAHmpmEOGfjfNTSUDSLp0gBLyDLLEs_IxCM/getUpdates "HTTP/1.1 200 OK"
2026-05-25 23:59:18,277 - httpx - INFO - HTTP Request: POST https://api.telegram.org/bot8554458574:AAHmpmEOGfjfNTSUDSLp0gBLyDLLEs_IxCM/answerCallbackQuery "HTTP/1.1 200 OK"
2026-05-25 23:59:18,693 - httpx - INFO - HTTP Request: POST https://api.telegram.org/bot8554458574:AAHmpmEOGfjfNTSUDSLp0gBLyDLLEs_IxCM/sendMessage "HTTP/1.1 200 OK"
2026-05-25 23:59:19,271 - httpx - INFO - HTTP Request: POST https://api.telegram.org/bot8554458574:AAHmpmEOGfjfNTSUDSLp0gBLyDLLEs_IxCM/answerCallbackQuery "HTTP/1.1 200 OK"
2026-05-25 23:59:28,046 - httpx - INFO - HTTP Request: POST https://api.telegram.org/bot8554458574:AAHmpmEOGfjfNTSUDSLp0gBLyDLLEs_IxCM/getUpdates "HTTP/1.1 200 OK"
2026-05-25 23:59:29,131 - httpx - INFO - HTTP Request: POST https://api.telegram.org/bot8554458574:AAHmpmEOGfjfNTSUDSLp0gBLyDLLEs_IxCM/getUpdates "HTTP/1.1 200 OK"
2026-05-25 23:59:30,008 - httpx - INFO - HTTP Request: POST https://api.telegram.org/bot8554458574:AAHmpmEOGfjfNTSUDSLp0gBLyDLLEs_IxCM/deleteMessage "HTTP/1.1 200 OK"
2026-05-25 23:59:30,417 - httpx - INFO - HTTP Request: POST https://api.telegram.org/bot8554458574:AAHmpmEOGfjfNTSUDSLp0gBLyDLLEs_IxCM/deleteMessage "HTTP/1.1 200 OK"
2026-05-25 23:59:30,903 - httpx - INFO - HTTP Request: POST https://api.telegram.org/bot8554458574:AAHmpmEOGfjfNTSUDSLp0gBLyDLLEs_IxCM/editMessageCaption "HTTP/1.1 200 OK"
2026-05-25 23:59:39,343 - httpx - INFO - HTTP Request: POST https://api.telegram.org/bot8554458574:AAHmpmEOGfjfNTSUDSLp0gBLyDLLEs_IxCM/getUpdates "HTTP/1.1 200 OK"
2026-05-25 23:59:49,521 - httpx - INFO - HTTP Request: POST https://api.telegram.org/bot8554458574:AAHmpmEOGfjfNTSUDSLp0gBLyDLLEs_IxCM/getUpdates "HTTP/1.1 200 OK"
2026-05-25 23:59:58,645 - httpx - INFO - HTTP Request: POST https://api.telegram.org/bot8554458574:AAHmpmEOGfjfNTSUDSLp0gBLyDLLEs_IxCM/getUpdates "HTTP/1.1 200 OK"
2026-05-25 23:59:59,523 - httpx - INFO - HTTP Request: POST https://api.telegram.org/bot8554458574:AAHmpmEOGfjfNTSUDSLp0gBLyDLLEs_IxCM/answerCallbackQuery "HTTP/1.1 200 OK"
2026-05-25 23:59:59,973 - httpx - INFO - HTTP Request: POST https://api.telegram.org/bot8554458574:AAHmpmEOGfjfNTSUDSLp0gBLyDLLEs_IxCM/deleteMessage "HTTP/1.1 200 OK"
2026-05-26 00:00:00,105 - TelegramBot - INFO - Processing queue item #2 (Channel: -1003943431178, Retries: 0, Silent: True)...
2026-05-26 00:00:00,296 - httpx - INFO - HTTP Request: POST https://api.telegram.org/bot8554458574:AAHmpmEOGfjfNTSUDSLp0gBLyDLLEs_IxCM/answerCallbackQuery "HTTP/1.1 200 OK"
2026-05-26 00:00:00,636 - httpx - INFO - HTTP Request: POST https://api.telegram.org/bot8554458574:AAHmpmEOGfjfNTSUDSLp0gBLyDLLEs_IxCM/sendMessage "HTTP/1.1 200 OK"
2026-05-26 00:00:00,779 - httpx - INFO - HTTP Request: POST https://api.telegram.org/bot8554458574:AAHmpmEOGfjfNTSUDSLp0gBLyDLLEs_IxCM/sendPhoto "HTTP/1.1 200 OK"
2026-05-26 00:00:01,060 - TelegramBot - INFO - Queue item #2 posted successfully to channel -1003943431178.
2026-05-26 00:00:01,061 - TelegramBot - INFO - Processing queue item #3 (Channel: -1003238213356, Retries: 0, Silent: True)...
2026-05-26 00:00:01,439 - httpx - INFO - HTTP Request: POST https://api.telegram.org/bot8554458574:AAHmpmEOGfjfNTSUDSLp0gBLyDLLEs_IxCM/sendPhoto "HTTP/1.1 200 OK"
2026-05-26 00:00:01,648 - TelegramBot - INFO - Queue item #3 posted successfully to channel -1003238213356.
2026-05-26 00:00:08,820 - httpx - INFO - HTTP Request: POST https://api.telegram.org/bot8554458574:AAHmpmEOGfjfNTSUDSLp0gBLyDLLEs_IxCM/getUpdates "HTTP/1.1 200 OK"
2026-05-26 00:00:18,185 - TelegramBot - INFO - Running FSM background state cleanup...
2026-05-26 00:00:18,982 - httpx - INFO - HTTP Request: POST https://api.telegram.org/bot8554458574:AAHmpmEOGfjfNTSUDSLp0gBLyDLLEs_IxCM/getUpdates "HTTP/1.1 200 OK"
2026-05-26 00:00:29,153 - httpx - INFO - HTTP Request: POST https://api.telegram.org/bot8554458574:AAHmpmEOGfjfNTSUDSLp0gBLyDLLEs_IxCM/getUpdates "HTTP/1.1 200 OK"
2026-05-26 00:00:39,313 - httpx - INFO - HTTP Request: POST https://api.telegram.org/bot8554458574:AAHmpmEOGfjfNTSUDSLp0gBLyDLLEs_IxCM/getUpdates "HTTP/1.1 200 OK"
2026-05-26 00:00:49,479 - httpx - INFO - HTTP Request: POST https://api.telegram.org/bot8554458574:AAHmpmEOGfjfNTSUDSLp0gBLyDLLEs_IxCM/getUpdates "HTTP/1.1 200 OK"
2026-05-26 00:00:59,646 - httpx - INFO - HTTP Request: POST https://api.telegram.org/bot8554458574:AAHmpmEOGfjfNTSUDSLp0gBLyDLLEs_IxCM/getUpdates "HTTP/1.1 200 OK"
2026-05-26 00:01:09,814 - httpx - INFO - HTTP Request: POST https://api.telegram.org/bot8554458574:AAHmpmEOGfjfNTSUDSLp0gBLyDLLEs_IxCM/getUpdates "HTTP/1.1 200 OK"
2026-05-26 00:01:19,983 - httpx - INFO - HTTP Request: POST https://api.telegram.org/bot8554458574:AAHmpmEOGfjfNTSUDSLp0gBLyDLLEs_IxCM/getUpdates "HTTP/1.1 200 OK"
2026-05-26 00:01:30,147 - httpx - INFO - HTTP Request: POST https://api.telegram.org/bot8554458574:AAHmpmEOGfjfNTSUDSLp0gBLyDLLEs_IxCM/getUpdates "HTTP/1.1 200 OK"
2026-05-26 00:01:40,306 - httpx - INFO - HTTP Request: POST https://api.telegram.org/bot8554458574:AAHmpmEOGfjfNTSUDSLp0gBLyDLLEs_IxCM/getUpdates "HTTP/1.1 200 OK"
2026-05-26 00:01:50,470 - httpx - INFO - HTTP Request: POST https://api.telegram.org/bot8554458574:AAHmpmEOGfjfNTSUDSLp0gBLyDLLEs_IxCM/getUpdates "HTTP/1.1 200 OK"
2026-05-26 00:02:00,591 - httpx - INFO - HTTP Request: POST https://api.telegram.org/bot8554458574:AAHmpmEOGfjfNTSUDSLp0gBLyDLLEs_IxCM/getUpdates "HTTP/1.1 200 OK"
2026-05-26 00:02:01,311 - httpx - INFO - HTTP Request: POST https://api.telegram.org/bot8554458574:AAHmpmEOGfjfNTSUDSLp0gBLyDLLEs_IxCM/deleteMessage "HTTP/1.1 200 OK"
2026-05-26 00:02:01,759 - httpx - INFO - HTTP Request: POST https://api.telegram.org/bot8554458574:AAHmpmEOGfjfNTSUDSLp0gBLyDLLEs_IxCM/sendMessage "HTTP/1.1 200 OK"
2026-05-26 00:02:02,109 - httpx - INFO - HTTP Request: POST https://api.telegram.org/bot8554458574:AAHmpmEOGfjfNTSUDSLp0gBLyDLLEs_IxCM/deleteMessage "HTTP/1.1 200 OK"
2026-05-26 00:02:02,830 - httpx - INFO - HTTP Request: POST https://api.telegram.org/bot8554458574:AAHmpmEOGfjfNTSUDSLp0gBLyDLLEs_IxCM/sendPhoto "HTTP/1.1 200 OK"
2026-05-26 00:02:10,767 - httpx - INFO - HTTP Request: POST https://api.telegram.org/bot8554458574:AAHmpmEOGfjfNTSUDSLp0gBLyDLLEs_IxCM/getUpdates "HTTP/1.1 200 OK"
2026-05-26 00:02:14,311 - httpx - INFO - HTTP Request: POST https://api.telegram.org/bot8554458574:AAHmpmEOGfjfNTSUDSLp0gBLyDLLEs_IxCM/getUpdates "HTTP/1.1 200 OK"
2026-05-26 00:02:14,981 - httpx - INFO - HTTP Request: POST https://api.telegram.org/bot8554458574:AAHmpmEOGfjfNTSUDSLp0gBLyDLLEs_IxCM/answerCallbackQuery "HTTP/1.1 200 OK"
2026-05-26 00:02:15,512 - httpx - INFO - HTTP Request: POST https://api.telegram.org/bot8554458574:AAHmpmEOGfjfNTSUDSLp0gBLyDLLEs_IxCM/deleteMessage "HTTP/1.1 200 OK"
2026-05-26 00:02:15,847 - httpx - INFO - HTTP Request: POST https://api.telegram.org/bot8554458574:AAHmpmEOGfjfNTSUDSLp0gBLyDLLEs_IxCM/answerCallbackQuery "HTTP/1.1 200 OK"
2026-05-26 00:02:26,425 - TelegramBot - INFO - Bot starting polling loop...
2026-05-26 00:02:27,482 - httpx - INFO - HTTP Request: POST https://api.telegram.org/bot8554458574:AAHmpmEOGfjfNTSUDSLp0gBLyDLLEs_IxCM/getMe "HTTP/1.1 200 OK"
2026-05-26 00:02:27,485 - TelegramBot - INFO - Bot initializing...
2026-05-26 00:02:27,486 - TelegramBot - INFO - Initializing database at F:\bot\bot.db...
2026-05-26 00:02:27,520 - TelegramBot - INFO - Database initialized successfully.
2026-05-26 00:02:27,521 - TelegramBot - INFO - Bot instance registered to QueueManager.
2026-05-26 00:02:27,521 - TelegramBot - INFO - Background posting Queue Manager started.
2026-05-26 00:02:27,521 - TelegramBot - INFO - Bot application successfully booted and workers online.
2026-05-26 00:02:27,724 - httpx - INFO - HTTP Request: POST https://api.telegram.org/bot8554458574:AAHmpmEOGfjfNTSUDSLp0gBLyDLLEs_IxCM/deleteWebhook "HTTP/1.1 200 OK"
2026-05-26 00:02:27,727 - telegram.ext.Application - INFO - Application started
2026-05-26 00:02:38,326 - httpx - INFO - HTTP Request: POST https://api.telegram.org/bot8554458574:AAHmpmEOGfjfNTSUDSLp0gBLyDLLEs_IxCM/getUpdates "HTTP/1.1 200 OK"
2026-05-26 00:02:48,554 - httpx - INFO - HTTP Request: POST https://api.telegram.org/bot8554458574:AAHmpmEOGfjfNTSUDSLp0gBLyDLLEs_IxCM/getUpdates "HTTP/1.1 200 OK"
2026-05-26 00:02:58,785 - httpx - INFO - HTTP Request: POST https://api.telegram.org/bot8554458574:AAHmpmEOGfjfNTSUDSLp0gBLyDLLEs_IxCM/getUpdates "HTTP/1.1 200 OK"
2026-05-26 00:03:00,539 - httpx - INFO - HTTP Request: POST https://api.telegram.org/bot8554458574:AAHmpmEOGfjfNTSUDSLp0gBLyDLLEs_IxCM/getUpdates "HTTP/1.1 200 OK"
2026-05-26 00:03:02,531 - httpx - INFO - HTTP Request: POST https://api.telegram.org/bot8554458574:AAHmpmEOGfjfNTSUDSLp0gBLyDLLEs_IxCM/deleteMessage "HTTP/1.1 200 OK"
2026-05-26 00:03:02,952 - httpx - INFO - HTTP Request: POST https://api.telegram.org/bot8554458574:AAHmpmEOGfjfNTSUDSLp0gBLyDLLEs_IxCM/sendMessage "HTTP/1.1 200 OK"
2026-05-26 00:03:03,315 - httpx - INFO - HTTP Request: POST https://api.telegram.org/bot8554458574:AAHmpmEOGfjfNTSUDSLp0gBLyDLLEs_IxCM/deleteMessage "HTTP/1.1 200 OK"
2026-05-26 00:03:03,727 - httpx - INFO - HTTP Request: POST https://api.telegram.org/bot8554458574:AAHmpmEOGfjfNTSUDSLp0gBLyDLLEs_IxCM/sendPhoto "HTTP/1.1 200 OK"
2026-05-26 00:03:10,003 - httpx - INFO - HTTP Request: POST https://api.telegram.org/bot8554458574:AAHmpmEOGfjfNTSUDSLp0gBLyDLLEs_IxCM/getUpdates "HTTP/1.1 200 OK"
2026-05-26 00:03:10,737 - httpx - INFO - HTTP Request: POST https://api.telegram.org/bot8554458574:AAHmpmEOGfjfNTSUDSLp0gBLyDLLEs_IxCM/answerCallbackQuery "HTTP/1.1 200 OK"
2026-05-26 00:03:11,162 - httpx - INFO - HTTP Request: POST https://api.telegram.org/bot8554458574:AAHmpmEOGfjfNTSUDSLp0gBLyDLLEs_IxCM/editMessageCaption "HTTP/1.1 200 OK"
2026-05-26 00:03:11,485 - httpx - INFO - HTTP Request: POST https://api.telegram.org/bot8554458574:AAHmpmEOGfjfNTSUDSLp0gBLyDLLEs_IxCM/answerCallbackQuery "HTTP/1.1 200 OK"
2026-05-26 00:03:15,402 - httpx - INFO - HTTP Request: POST https://api.telegram.org/bot8554458574:AAHmpmEOGfjfNTSUDSLp0gBLyDLLEs_IxCM/getUpdates "HTTP/1.1 200 OK"
2026-05-26 00:03:15,824 - httpx - INFO - HTTP Request: POST https://api.telegram.org/bot8554458574:AAHmpmEOGfjfNTSUDSLp0gBLyDLLEs_IxCM/answerCallbackQuery "HTTP/1.1 200 OK"
2026-05-26 00:03:16,318 - httpx - INFO - HTTP Request: POST https://api.telegram.org/bot8554458574:AAHmpmEOGfjfNTSUDSLp0gBLyDLLEs_IxCM/editMessageCaption "HTTP/1.1 200 OK"
2026-05-26 00:03:16,647 - httpx - INFO - HTTP Request: POST https://api.telegram.org/bot8554458574:AAHmpmEOGfjfNTSUDSLp0gBLyDLLEs_IxCM/answerCallbackQuery "HTTP/1.1 200 OK"
2026-05-26 00:03:23,416 - httpx - INFO - HTTP Request: POST https://api.telegram.org/bot8554458574:AAHmpmEOGfjfNTSUDSLp0gBLyDLLEs_IxCM/getUpdates "HTTP/1.1 200 OK"
2026-05-26 00:03:24,132 - httpx - INFO - HTTP Request: POST https://api.telegram.org/bot8554458574:AAHmpmEOGfjfNTSUDSLp0gBLyDLLEs_IxCM/answerCallbackQuery "HTTP/1.1 200 OK"
2026-05-26 00:03:24,586 - httpx - INFO - HTTP Request: POST https://api.telegram.org/bot8554458574:AAHmpmEOGfjfNTSUDSLp0gBLyDLLEs_IxCM/editMessageCaption "HTTP/1.1 200 OK"
2026-05-26 00:03:24,913 - httpx - INFO - HTTP Request: POST https://api.telegram.org/bot8554458574:AAHmpmEOGfjfNTSUDSLp0gBLyDLLEs_IxCM/answerCallbackQuery "HTTP/1.1 200 OK"
2026-05-26 00:03:25,394 - httpx - INFO - HTTP Request: POST https://api.telegram.org/bot8554458574:AAHmpmEOGfjfNTSUDSLp0gBLyDLLEs_IxCM/getUpdates "HTTP/1.1 200 OK"
2026-05-26 00:03:25,726 - httpx - INFO - HTTP Request: POST https://api.telegram.org/bot8554458574:AAHmpmEOGfjfNTSUDSLp0gBLyDLLEs_IxCM/answerCallbackQuery "HTTP/1.1 200 OK"
2026-05-26 00:03:26,189 - httpx - INFO - HTTP Request: POST https://api.telegram.org/bot8554458574:AAHmpmEOGfjfNTSUDSLp0gBLyDLLEs_IxCM/editMessageCaption "HTTP/1.1 200 OK"
2026-05-26 00:03:26,536 - httpx - INFO - HTTP Request: POST https://api.telegram.org/bot8554458574:AAHmpmEOGfjfNTSUDSLp0gBLyDLLEs_IxCM/answerCallbackQuery "HTTP/1.1 200 OK"
2026-05-26 00:03:26,773 - httpx - INFO - HTTP Request: POST https://api.telegram.org/bot8554458574:AAHmpmEOGfjfNTSUDSLp0gBLyDLLEs_IxCM/getUpdates "HTTP/1.1 200 OK"
2026-05-26 00:03:27,100 - httpx - INFO - HTTP Request: POST https://api.telegram.org/bot8554458574:AAHmpmEOGfjfNTSUDSLp0gBLyDLLEs_IxCM/answerCallbackQuery "HTTP/1.1 200 OK"
2026-05-26 00:03:28,218 - httpx - INFO - HTTP Request: POST https://api.telegram.org/bot8554458574:AAHmpmEOGfjfNTSUDSLp0gBLyDLLEs_IxCM/deleteMessage "HTTP/1.1 200 OK"
2026-05-26 00:03:28,985 - httpx - INFO - HTTP Request: POST https://api.telegram.org/bot8554458574:AAHmpmEOGfjfNTSUDSLp0gBLyDLLEs_IxCM/answerCallbackQuery "HTTP/1.1 200 OK"
2026-05-26 00:03:37,019 - httpx - INFO - HTTP Request: POST https://api.telegram.org/bot8554458574:AAHmpmEOGfjfNTSUDSLp0gBLyDLLEs_IxCM/getUpdates "HTTP/1.1 200 OK"
2026-05-26 00:03:45,148 - httpx - INFO - HTTP Request: POST https://api.telegram.org/bot8554458574:AAHmpmEOGfjfNTSUDSLp0gBLyDLLEs_IxCM/getUpdates "HTTP/1.1 200 OK"
2026-05-26 00:03:45,966 - httpx - INFO - HTTP Request: POST https://api.telegram.org/bot8554458574:AAHmpmEOGfjfNTSUDSLp0gBLyDLLEs_IxCM/deleteMessage "HTTP/1.1 200 OK"
2026-05-26 00:03:46,363 - httpx - INFO - HTTP Request: POST https://api.telegram.org/bot8554458574:AAHmpmEOGfjfNTSUDSLp0gBLyDLLEs_IxCM/sendMessage "HTTP/1.1 200 OK"
2026-05-26 00:03:49,538 - httpx - INFO - HTTP Request: POST https://api.telegram.org/bot8554458574:AAHmpmEOGfjfNTSUDSLp0gBLyDLLEs_IxCM/deleteMessage "HTTP/1.1 200 OK"
2026-05-26 00:03:49,904 - httpx - INFO - HTTP Request: POST https://api.telegram.org/bot8554458574:AAHmpmEOGfjfNTSUDSLp0gBLyDLLEs_IxCM/deleteMessage "HTTP/1.1 200 OK"
2026-05-26 00:03:50,549 - httpx - INFO - HTTP Request: POST https://api.telegram.org/bot8554458574:AAHmpmEOGfjfNTSUDSLp0gBLyDLLEs_IxCM/sendPhoto "HTTP/1.1 200 OK"
2026-05-26 00:03:55,765 - httpx - INFO - HTTP Request: POST https://api.telegram.org/bot8554458574:AAHmpmEOGfjfNTSUDSLp0gBLyDLLEs_IxCM/getUpdates "HTTP/1.1 200 OK"
2026-05-26 00:03:58,083 - httpx - INFO - HTTP Request: POST https://api.telegram.org/bot8554458574:AAHmpmEOGfjfNTSUDSLp0gBLyDLLEs_IxCM/getUpdates "HTTP/1.1 200 OK"
2026-05-26 00:03:58,747 - httpx - INFO - HTTP Request: POST https://api.telegram.org/bot8554458574:AAHmpmEOGfjfNTSUDSLp0gBLyDLLEs_IxCM/answerCallbackQuery "HTTP/1.1 200 OK"
2026-05-26 00:03:59,138 - httpx - INFO - HTTP Request: POST https://api.telegram.org/bot8554458574:AAHmpmEOGfjfNTSUDSLp0gBLyDLLEs_IxCM/sendMessage "HTTP/1.1 200 OK"
2026-05-26 00:03:59,489 - httpx - INFO - HTTP Request: POST https://api.telegram.org/bot8554458574:AAHmpmEOGfjfNTSUDSLp0gBLyDLLEs_IxCM/answerCallbackQuery "HTTP/1.1 200 OK"
2026-05-26 00:04:08,246 - httpx - INFO - HTTP Request: POST https://api.telegram.org/bot8554458574:AAHmpmEOGfjfNTSUDSLp0gBLyDLLEs_IxCM/getUpdates "HTTP/1.1 200 OK"
2026-05-26 00:04:18,871 - httpx - INFO - HTTP Request: POST https://api.telegram.org/bot8554458574:AAHmpmEOGfjfNTSUDSLp0gBLyDLLEs_IxCM/getUpdates "HTTP/1.1 200 OK"
2026-05-26 00:04:30,314 - httpx - INFO - HTTP Request: POST https://api.telegram.org/bot8554458574:AAHmpmEOGfjfNTSUDSLp0gBLyDLLEs_IxCM/getUpdates "HTTP/1.1 200 OK"
2026-05-26 00:04:40,475 - httpx - INFO - HTTP Request: POST https://api.telegram.org/bot8554458574:AAHmpmEOGfjfNTSUDSLp0gBLyDLLEs_IxCM/getUpdates "HTTP/1.1 200 OK"
2026-05-26 00:04:50,632 - httpx - INFO - HTTP Request: POST https://api.telegram.org/bot8554458574:AAHmpmEOGfjfNTSUDSLp0gBLyDLLEs_IxCM/getUpdates "HTTP/1.1 200 OK"
2026-05-26 00:05:00,794 - httpx - INFO - HTTP Request: POST https://api.telegram.org/bot8554458574:AAHmpmEOGfjfNTSUDSLp0gBLyDLLEs_IxCM/getUpdates "HTTP/1.1 200 OK"
2026-05-26 00:05:10,944 - httpx - INFO - HTTP Request: POST https://api.telegram.org/bot8554458574:AAHmpmEOGfjfNTSUDSLp0gBLyDLLEs_IxCM/getUpdates "HTTP/1.1 200 OK"
2026-05-26 00:05:21,094 - httpx - INFO - HTTP Request: POST https://api.telegram.org/bot8554458574:AAHmpmEOGfjfNTSUDSLp0gBLyDLLEs_IxCM/getUpdates "HTTP/1.1 200 OK"
2026-05-26 00:05:31,256 - httpx - INFO - HTTP Request: POST https://api.telegram.org/bot8554458574:AAHmpmEOGfjfNTSUDSLp0gBLyDLLEs_IxCM/getUpdates "HTTP/1.1 200 OK"
2026-05-26 00:05:41,405 - httpx - INFO - HTTP Request: POST https://api.telegram.org/bot8554458574:AAHmpmEOGfjfNTSUDSLp0gBLyDLLEs_IxCM/getUpdates "HTTP/1.1 200 OK"
2026-05-26 00:05:51,554 - httpx - INFO - HTTP Request: POST https://api.telegram.org/bot8554458574:AAHmpmEOGfjfNTSUDSLp0gBLyDLLEs_IxCM/getUpdates "HTTP/1.1 200 OK"
2026-05-26 00:05:55,681 - httpx - INFO - HTTP Request: POST https://api.telegram.org/bot8554458574:AAHmpmEOGfjfNTSUDSLp0gBLyDLLEs_IxCM/getUpdates "HTTP/1.1 200 OK"
2026-05-26 00:05:56,374 - httpx - INFO - HTTP Request: POST https://api.telegram.org/bot8554458574:AAHmpmEOGfjfNTSUDSLp0gBLyDLLEs_IxCM/deleteMessage "HTTP/1.1 200 OK"
2026-05-26 00:05:56,752 - httpx - INFO - HTTP Request: POST https://api.telegram.org/bot8554458574:AAHmpmEOGfjfNTSUDSLp0gBLyDLLEs_IxCM/deleteMessage "HTTP/1.1 200 OK"
2026-05-26 00:05:57,174 - httpx - INFO - HTTP Request: POST https://api.telegram.org/bot8554458574:AAHmpmEOGfjfNTSUDSLp0gBLyDLLEs_IxCM/editMessageCaption "HTTP/1.1 200 OK"
2026-05-26 00:05:59,817 - httpx - INFO - HTTP Request: POST https://api.telegram.org/bot8554458574:AAHmpmEOGfjfNTSUDSLp0gBLyDLLEs_IxCM/getUpdates "HTTP/1.1 200 OK"
2026-05-26 00:06:00,166 - httpx - INFO - HTTP Request: POST https://api.telegram.org/bot8554458574:AAHmpmEOGfjfNTSUDSLp0gBLyDLLEs_IxCM/answerCallbackQuery "HTTP/1.1 200 OK"
2026-05-26 00:06:00,546 - httpx - INFO - HTTP Request: POST https://api.telegram.org/bot8554458574:AAHmpmEOGfjfNTSUDSLp0gBLyDLLEs_IxCM/sendMessage "HTTP/1.1 200 OK"
2026-05-26 00:06:00,911 - httpx - INFO - HTTP Request: POST https://api.telegram.org/bot8554458574:AAHmpmEOGfjfNTSUDSLp0gBLyDLLEs_IxCM/answerCallbackQuery "HTTP/1.1 200 OK"
2026-05-26 00:06:09,989 - httpx - INFO - HTTP Request: POST https://api.telegram.org/bot8554458574:AAHmpmEOGfjfNTSUDSLp0gBLyDLLEs_IxCM/getUpdates "HTTP/1.1 200 OK"
2026-05-26 00:06:20,141 - httpx - INFO - HTTP Request: POST https://api.telegram.org/bot8554458574:AAHmpmEOGfjfNTSUDSLp0gBLyDLLEs_IxCM/getUpdates "HTTP/1.1 200 OK"
2026-05-26 00:06:22,303 - httpx - INFO - HTTP Request: POST https://api.telegram.org/bot8554458574:AAHmpmEOGfjfNTSUDSLp0gBLyDLLEs_IxCM/getUpdates "HTTP/1.1 200 OK"
2026-05-26 00:06:22,936 - httpx - INFO - HTTP Request: POST https://api.telegram.org/bot8554458574:AAHmpmEOGfjfNTSUDSLp0gBLyDLLEs_IxCM/deleteMessage "HTTP/1.1 200 OK"
2026-05-26 00:06:23,271 - httpx - INFO - HTTP Request: POST https://api.telegram.org/bot8554458574:AAHmpmEOGfjfNTSUDSLp0gBLyDLLEs_IxCM/deleteMessage "HTTP/1.1 200 OK"
2026-05-26 00:06:23,625 - httpx - INFO - HTTP Request: POST https://api.telegram.org/bot8554458574:AAHmpmEOGfjfNTSUDSLp0gBLyDLLEs_IxCM/sendMessage "HTTP/1.1 200 OK"
2026-05-26 00:06:24,557 - httpx - INFO - HTTP Request: POST https://api.telegram.org/bot8554458574:AAHmpmEOGfjfNTSUDSLp0gBLyDLLEs_IxCM/editMessageCaption "HTTP/1.1 200 OK"
2026-05-26 00:06:30,825 - httpx - INFO - HTTP Request: POST https://api.telegram.org/bot8554458574:AAHmpmEOGfjfNTSUDSLp0gBLyDLLEs_IxCM/getUpdates "HTTP/1.1 200 OK"
2026-05-26 00:06:31,448 - httpx - INFO - HTTP Request: POST https://api.telegram.org/bot8554458574:AAHmpmEOGfjfNTSUDSLp0gBLyDLLEs_IxCM/answerCallbackQuery "HTTP/1.1 200 OK"
2026-05-26 00:06:31,865 - httpx - INFO - HTTP Request: POST https://api.telegram.org/bot8554458574:AAHmpmEOGfjfNTSUDSLp0gBLyDLLEs_IxCM/editMessageCaption "HTTP/1.1 200 OK"
2026-05-26 00:06:32,183 - httpx - INFO - HTTP Request: POST https://api.telegram.org/bot8554458574:AAHmpmEOGfjfNTSUDSLp0gBLyDLLEs_IxCM/answerCallbackQuery "HTTP/1.1 200 OK"
2026-05-26 00:06:34,855 - httpx - INFO - HTTP Request: POST https://api.telegram.org/bot8554458574:AAHmpmEOGfjfNTSUDSLp0gBLyDLLEs_IxCM/getUpdates "HTTP/1.1 200 OK"
2026-05-26 00:06:35,196 - httpx - INFO - HTTP Request: POST https://api.telegram.org/bot8554458574:AAHmpmEOGfjfNTSUDSLp0gBLyDLLEs_IxCM/answerCallbackQuery "HTTP/1.1 200 OK"
2026-05-26 00:06:35,719 - httpx - INFO - HTTP Request: POST https://api.telegram.org/bot8554458574:AAHmpmEOGfjfNTSUDSLp0gBLyDLLEs_IxCM/editMessageCaption "HTTP/1.1 200 OK"
2026-05-26 00:06:36,042 - httpx - INFO - HTTP Request: POST https://api.telegram.org/bot8554458574:AAHmpmEOGfjfNTSUDSLp0gBLyDLLEs_IxCM/answerCallbackQuery "HTTP/1.1 200 OK"
2026-05-26 00:06:38,752 - httpx - INFO - HTTP Request: POST https://api.telegram.org/bot8554458574:AAHmpmEOGfjfNTSUDSLp0gBLyDLLEs_IxCM/getUpdates "HTTP/1.1 200 OK"
2026-05-26 00:06:39,073 - httpx - INFO - HTTP Request: POST https://api.telegram.org/bot8554458574:AAHmpmEOGfjfNTSUDSLp0gBLyDLLEs_IxCM/answerCallbackQuery "HTTP/1.1 200 OK"
2026-05-26 00:06:39,400 - httpx - INFO - HTTP Request: POST https://api.telegram.org/bot8554458574:AAHmpmEOGfjfNTSUDSLp0gBLyDLLEs_IxCM/deleteMessage "HTTP/1.1 200 OK"
2026-05-26 00:06:39,857 - httpx - INFO - HTTP Request: POST https://api.telegram.org/bot8554458574:AAHmpmEOGfjfNTSUDSLp0gBLyDLLEs_IxCM/sendMessage "HTTP/1.1 200 OK"
2026-05-26 00:06:40,174 - httpx - INFO - HTTP Request: POST https://api.telegram.org/bot8554458574:AAHmpmEOGfjfNTSUDSLp0gBLyDLLEs_IxCM/answerCallbackQuery "HTTP/1.1 200 OK"
2026-05-26 00:06:48,903 - httpx - INFO - HTTP Request: POST https://api.telegram.org/bot8554458574:AAHmpmEOGfjfNTSUDSLp0gBLyDLLEs_IxCM/getUpdates "HTTP/1.1 200 OK"
2026-05-26 00:06:49,237 - httpx - INFO - HTTP Request: POST https://api.telegram.org/bot8554458574:AAHmpmEOGfjfNTSUDSLp0gBLyDLLEs_IxCM/getUpdates "HTTP/1.1 200 OK"
2026-05-26 00:06:50,066 - httpx - INFO - HTTP Request: POST https://api.telegram.org/bot8554458574:AAHmpmEOGfjfNTSUDSLp0gBLyDLLEs_IxCM/sendMessage "HTTP/1.1 200 OK"
2026-05-26 00:06:51,282 - httpx - INFO - HTTP Request: POST https://api.telegram.org/bot8554458574:AAHmpmEOGfjfNTSUDSLp0gBLyDLLEs_IxCM/getUpdates "HTTP/1.1 200 OK"
2026-05-26 00:06:51,686 - httpx - INFO - HTTP Request: POST https://api.telegram.org/bot8554458574:AAHmpmEOGfjfNTSUDSLp0gBLyDLLEs_IxCM/answerCallbackQuery "HTTP/1.1 200 OK"
2026-05-26 00:06:52,334 - httpx - INFO - HTTP Request: POST https://api.telegram.org/bot8554458574:AAHmpmEOGfjfNTSUDSLp0gBLyDLLEs_IxCM/editMessageText "HTTP/1.1 200 OK"
2026-05-26 00:06:54,115 - httpx - INFO - HTTP Request: POST https://api.telegram.org/bot8554458574:AAHmpmEOGfjfNTSUDSLp0gBLyDLLEs_IxCM/getUpdates "HTTP/1.1 200 OK"
2026-05-26 00:06:54,527 - httpx - INFO - HTTP Request: POST https://api.telegram.org/bot8554458574:AAHmpmEOGfjfNTSUDSLp0gBLyDLLEs_IxCM/answerCallbackQuery "HTTP/1.1 200 OK"
2026-05-26 00:06:54,959 - httpx - INFO - HTTP Request: POST https://api.telegram.org/bot8554458574:AAHmpmEOGfjfNTSUDSLp0gBLyDLLEs_IxCM/editMessageText "HTTP/1.1 200 OK"
2026-05-26 00:07:04,279 - httpx - INFO - HTTP Request: POST https://api.telegram.org/bot8554458574:AAHmpmEOGfjfNTSUDSLp0gBLyDLLEs_IxCM/getUpdates "HTTP/1.1 200 OK"
2026-05-26 00:07:14,443 - httpx - INFO - HTTP Request: POST https://api.telegram.org/bot8554458574:AAHmpmEOGfjfNTSUDSLp0gBLyDLLEs_IxCM/getUpdates "HTTP/1.1 200 OK"
2026-05-26 00:07:24,594 - httpx - INFO - HTTP Request: POST https://api.telegram.org/bot8554458574:AAHmpmEOGfjfNTSUDSLp0gBLyDLLEs_IxCM/getUpdates "HTTP/1.1 200 OK"
2026-05-26 00:07:27,536 - TelegramBot - INFO - Running FSM background state cleanup...
2026-05-26 00:07:34,747 - httpx - INFO - HTTP Request: POST https://api.telegram.org/bot8554458574:AAHmpmEOGfjfNTSUDSLp0gBLyDLLEs_IxCM/getUpdates "HTTP/1.1 200 OK"
2026-05-26 00:07:44,929 - httpx - INFO - HTTP Request: POST https://api.telegram.org/bot8554458574:AAHmpmEOGfjfNTSUDSLp0gBLyDLLEs_IxCM/getUpdates "HTTP/1.1 200 OK"
2026-05-26 00:07:55,086 - httpx - INFO - HTTP Request: POST https://api.telegram.org/bot8554458574:AAHmpmEOGfjfNTSUDSLp0gBLyDLLEs_IxCM/getUpdates "HTTP/1.1 200 OK"
2026-05-26 00:08:05,239 - httpx - INFO - HTTP Request: POST https://api.telegram.org/bot8554458574:AAHmpmEOGfjfNTSUDSLp0gBLyDLLEs_IxCM/getUpdates "HTTP/1.1 200 OK"
2026-05-26 00:08:15,388 - httpx - INFO - HTTP Request: POST https://api.telegram.org/bot8554458574:AAHmpmEOGfjfNTSUDSLp0gBLyDLLEs_IxCM/getUpdates "HTTP/1.1 200 OK"
2026-05-26 00:08:25,542 - httpx - INFO - HTTP Request: POST https://api.telegram.org/bot8554458574:AAHmpmEOGfjfNTSUDSLp0gBLyDLLEs_IxCM/getUpdates "HTTP/1.1 200 OK"
2026-05-26 00:08:35,692 - httpx - INFO - HTTP Request: POST https://api.telegram.org/bot8554458574:AAHmpmEOGfjfNTSUDSLp0gBLyDLLEs_IxCM/getUpdates "HTTP/1.1 200 OK"
2026-05-26 00:09:00,668 - TelegramBot - INFO - Bot starting polling loop...
2026-05-26 00:09:01,329 - httpx - INFO - HTTP Request: POST https://api.telegram.org/bot8554458574:AAHmpmEOGfjfNTSUDSLp0gBLyDLLEs_IxCM/getMe "HTTP/1.1 200 OK"
2026-05-26 00:09:01,331 - TelegramBot - INFO - Bot initializing...
2026-05-26 00:09:01,331 - TelegramBot - INFO - Initializing database at F:\bot\bot.db...
2026-05-26 00:09:01,366 - TelegramBot - INFO - Database initialized successfully.
2026-05-26 00:09:01,366 - TelegramBot - INFO - Bot instance registered to QueueManager.
2026-05-26 00:09:01,366 - TelegramBot - INFO - Background posting Queue Manager started.
2026-05-26 00:09:01,366 - TelegramBot - INFO - Bot application successfully booted and workers online.
2026-05-26 00:09:01,526 - httpx - INFO - HTTP Request: POST https://api.telegram.org/bot8554458574:AAHmpmEOGfjfNTSUDSLp0gBLyDLLEs_IxCM/deleteWebhook "HTTP/1.1 200 OK"
2026-05-26 00:09:01,532 - telegram.ext.Application - INFO - Application started
2026-05-26 00:09:01,982 - httpx - INFO - HTTP Request: POST https://api.telegram.org/bot8554458574:AAHmpmEOGfjfNTSUDSLp0gBLyDLLEs_IxCM/getUpdates "HTTP/1.1 200 OK"
2026-05-26 00:09:02,381 - httpx - INFO - HTTP Request: POST https://api.telegram.org/bot8554458574:AAHmpmEOGfjfNTSUDSLp0gBLyDLLEs_IxCM/answerCallbackQuery "HTTP/1.1 400 Bad Request"
2026-05-26 00:09:02,724 - httpx - INFO - HTTP Request: POST https://api.telegram.org/bot8554458574:AAHmpmEOGfjfNTSUDSLp0gBLyDLLEs_IxCM/editMessageText "HTTP/1.1 200 OK"
2026-05-26 00:09:03,069 - httpx - INFO - HTTP Request: POST https://api.telegram.org/bot8554458574:AAHmpmEOGfjfNTSUDSLp0gBLyDLLEs_IxCM/answerCallbackQuery "HTTP/1.1 400 Bad Request"
2026-05-26 00:09:03,400 - httpx - INFO - HTTP Request: POST https://api.telegram.org/bot8554458574:AAHmpmEOGfjfNTSUDSLp0gBLyDLLEs_IxCM/deleteMessage "HTTP/1.1 200 OK"
2026-05-26 00:09:05,432 - httpx - INFO - HTTP Request: POST https://api.telegram.org/bot8554458574:AAHmpmEOGfjfNTSUDSLp0gBLyDLLEs_IxCM/getUpdates "HTTP/1.1 200 OK"
2026-05-26 00:09:05,798 - httpx - INFO - HTTP Request: POST https://api.telegram.org/bot8554458574:AAHmpmEOGfjfNTSUDSLp0gBLyDLLEs_IxCM/sendMessage "HTTP/1.1 200 OK"
2026-05-26 00:09:06,619 - httpx - INFO - HTTP Request: POST https://api.telegram.org/bot8554458574:AAHmpmEOGfjfNTSUDSLp0gBLyDLLEs_IxCM/getUpdates "HTTP/1.1 200 OK"
2026-05-26 00:09:06,945 - httpx - INFO - HTTP Request: POST https://api.telegram.org/bot8554458574:AAHmpmEOGfjfNTSUDSLp0gBLyDLLEs_IxCM/answerCallbackQuery "HTTP/1.1 200 OK"
2026-05-26 00:09:07,286 - httpx - INFO - HTTP Request: POST https://api.telegram.org/bot8554458574:AAHmpmEOGfjfNTSUDSLp0gBLyDLLEs_IxCM/editMessageText "HTTP/1.1 200 OK"
2026-05-26 00:09:09,370 - httpx - INFO - HTTP Request: POST https://api.telegram.org/bot8554458574:AAHmpmEOGfjfNTSUDSLp0gBLyDLLEs_IxCM/getUpdates "HTTP/1.1 200 OK"
2026-05-26 00:09:09,697 - httpx - INFO - HTTP Request: POST https://api.telegram.org/bot8554458574:AAHmpmEOGfjfNTSUDSLp0gBLyDLLEs_IxCM/answerCallbackQuery "HTTP/1.1 200 OK"
2026-05-26 00:09:10,043 - httpx - INFO - HTTP Request: POST https://api.telegram.org/bot8554458574:AAHmpmEOGfjfNTSUDSLp0gBLyDLLEs_IxCM/editMessageText "HTTP/1.1 200 OK"
2026-05-26 00:09:12,048 - httpx - INFO - HTTP Request: POST https://api.telegram.org/bot8554458574:AAHmpmEOGfjfNTSUDSLp0gBLyDLLEs_IxCM/getUpdates "HTTP/1.1 200 OK"
2026-05-26 00:09:12,368 - httpx - INFO - HTTP Request: POST https://api.telegram.org/bot8554458574:AAHmpmEOGfjfNTSUDSLp0gBLyDLLEs_IxCM/answerCallbackQuery "HTTP/1.1 200 OK"
2026-05-26 00:09:12,710 - httpx - INFO - HTTP Request: POST https://api.telegram.org/bot8554458574:AAHmpmEOGfjfNTSUDSLp0gBLyDLLEs_IxCM/deleteMessage "HTTP/1.1 200 OK"
2026-05-26 00:09:22,204 - httpx - INFO - HTTP Request: POST https://api.telegram.org/bot8554458574:AAHmpmEOGfjfNTSUDSLp0gBLyDLLEs_IxCM/getUpdates "HTTP/1.1 200 OK"
2026-05-26 00:09:32,357 - httpx - INFO - HTTP Request: POST https://api.telegram.org/bot8554458574:AAHmpmEOGfjfNTSUDSLp0gBLyDLLEs_IxCM/getUpdates "HTTP/1.1 200 OK"
2026-05-26 00:09:42,511 - httpx - INFO - HTTP Request: POST https://api.telegram.org/bot8554458574:AAHmpmEOGfjfNTSUDSLp0gBLyDLLEs_IxCM/getUpdates "HTTP/1.1 200 OK"
2026-05-26 00:09:49,395 - httpx - INFO - HTTP Request: POST https://api.telegram.org/bot8554458574:AAHmpmEOGfjfNTSUDSLp0gBLyDLLEs_IxCM/getUpdates "HTTP/1.1 200 OK"
2026-05-26 00:09:50,164 - httpx - INFO - HTTP Request: POST https://api.telegram.org/bot8554458574:AAHmpmEOGfjfNTSUDSLp0gBLyDLLEs_IxCM/sendMessage "HTTP/1.1 200 OK"
2026-05-26 00:09:51,169 - httpx - INFO - HTTP Request: POST https://api.telegram.org/bot8554458574:AAHmpmEOGfjfNTSUDSLp0gBLyDLLEs_IxCM/getUpdates "HTTP/1.1 200 OK"
2026-05-26 00:09:51,491 - httpx - INFO - HTTP Request: POST https://api.telegram.org/bot8554458574:AAHmpmEOGfjfNTSUDSLp0gBLyDLLEs_IxCM/answerCallbackQuery "HTTP/1.1 200 OK"
2026-05-26 00:09:51,841 - httpx - INFO - HTTP Request: POST https://api.telegram.org/bot8554458574:AAHmpmEOGfjfNTSUDSLp0gBLyDLLEs_IxCM/editMessageText "HTTP/1.1 200 OK"
2026-05-26 00:10:01,327 - httpx - INFO - HTTP Request: POST https://api.telegram.org/bot8554458574:AAHmpmEOGfjfNTSUDSLp0gBLyDLLEs_IxCM/getUpdates "HTTP/1.1 200 OK"
2026-05-26 00:10:11,479 - httpx - INFO - HTTP Request: POST https://api.telegram.org/bot8554458574:AAHmpmEOGfjfNTSUDSLp0gBLyDLLEs_IxCM/getUpdates "HTTP/1.1 200 OK"
2026-05-26 00:10:21,634 - httpx - INFO - HTTP Request: POST https://api.telegram.org/bot8554458574:AAHmpmEOGfjfNTSUDSLp0gBLyDLLEs_IxCM/getUpdates "HTTP/1.1 200 OK"
2026-05-26 00:10:31,793 - httpx - INFO - HTTP Request: POST https://api.telegram.org/bot8554458574:AAHmpmEOGfjfNTSUDSLp0gBLyDLLEs_IxCM/getUpdates "HTTP/1.1 200 OK"
2026-05-26 00:10:48,875 - TelegramBot - INFO - Bot starting polling loop...
2026-05-26 00:10:49,491 - httpx - INFO - HTTP Request: POST https://api.telegram.org/bot8554458574:AAHmpmEOGfjfNTSUDSLp0gBLyDLLEs_IxCM/getMe "HTTP/1.1 200 OK"
2026-05-26 00:10:49,493 - TelegramBot - INFO - Bot initializing...
2026-05-26 00:10:49,493 - TelegramBot - INFO - Initializing database at F:\bot\bot.db...
2026-05-26 00:10:49,511 - TelegramBot - INFO - Database initialized successfully.
2026-05-26 00:10:49,511 - TelegramBot - INFO - Bot instance registered to QueueManager.
2026-05-26 00:10:49,511 - TelegramBot - INFO - Background posting Queue Manager started.
2026-05-26 00:10:49,511 - TelegramBot - INFO - Bot application successfully booted and workers online.
2026-05-26 00:10:49,677 - httpx - INFO - HTTP Request: POST https://api.telegram.org/bot8554458574:AAHmpmEOGfjfNTSUDSLp0gBLyDLLEs_IxCM/deleteWebhook "HTTP/1.1 200 OK"
2026-05-26 00:10:49,680 - telegram.ext.Application - INFO - Application started
2026-05-26 00:11:00,107 - httpx - INFO - HTTP Request: POST https://api.telegram.org/bot8554458574:AAHmpmEOGfjfNTSUDSLp0gBLyDLLEs_IxCM/getUpdates "HTTP/1.1 200 OK"
2026-05-26 00:11:10,254 - httpx - INFO - HTTP Request: POST https://api.telegram.org/bot8554458574:AAHmpmEOGfjfNTSUDSLp0gBLyDLLEs_IxCM/getUpdates "HTTP/1.1 200 OK"
2026-05-26 00:11:16,644 - httpx - INFO - HTTP Request: POST https://api.telegram.org/bot8554458574:AAHmpmEOGfjfNTSUDSLp0gBLyDLLEs_IxCM/getUpdates "HTTP/1.1 200 OK"
2026-05-26 00:11:17,474 - httpx - INFO - HTTP Request: POST https://api.telegram.org/bot8554458574:AAHmpmEOGfjfNTSUDSLp0gBLyDLLEs_IxCM/answerCallbackQuery "HTTP/1.1 200 OK"
2026-05-26 00:11:18,319 - httpx - INFO - HTTP Request: POST https://api.telegram.org/bot8554458574:AAHmpmEOGfjfNTSUDSLp0gBLyDLLEs_IxCM/editMessageText "HTTP/1.1 200 OK"
2026-05-26 00:11:19,039 - httpx - INFO - HTTP Request: POST https://api.telegram.org/bot8554458574:AAHmpmEOGfjfNTSUDSLp0gBLyDLLEs_IxCM/getUpdates "HTTP/1.1 200 OK"
2026-05-26 00:11:19,452 - httpx - INFO - HTTP Request: POST https://api.telegram.org/bot8554458574:AAHmpmEOGfjfNTSUDSLp0gBLyDLLEs_IxCM/answerCallbackQuery "HTTP/1.1 200 OK"
2026-05-26 00:11:19,939 - httpx - INFO - HTTP Request: POST https://api.telegram.org/bot8554458574:AAHmpmEOGfjfNTSUDSLp0gBLyDLLEs_IxCM/editMessageText "HTTP/1.1 200 OK"
2026-05-26 00:11:29,196 - httpx - INFO - HTTP Request: POST https://api.telegram.org/bot8554458574:AAHmpmEOGfjfNTSUDSLp0gBLyDLLEs_IxCM/getUpdates "HTTP/1.1 200 OK"
2026-05-26 00:11:38,046 - httpx - INFO - HTTP Request: POST https://api.telegram.org/bot8554458574:AAHmpmEOGfjfNTSUDSLp0gBLyDLLEs_IxCM/getUpdates "HTTP/1.1 200 OK"
2026-05-26 00:11:39,298 - httpx - INFO - HTTP Request: POST https://api.telegram.org/bot8554458574:AAHmpmEOGfjfNTSUDSLp0gBLyDLLEs_IxCM/answerCallbackQuery "HTTP/1.1 200 OK"
2026-05-26 00:11:39,653 - httpx - INFO - HTTP Request: POST https://api.telegram.org/bot8554458574:AAHmpmEOGfjfNTSUDSLp0gBLyDLLEs_IxCM/editMessageText "HTTP/1.1 200 OK"
2026-05-26 00:11:48,258 - httpx - INFO - HTTP Request: POST https://api.telegram.org/bot8554458574:AAHmpmEOGfjfNTSUDSLp0gBLyDLLEs_IxCM/getUpdates "HTTP/1.1 200 OK"
2026-05-26 00:11:58,581 - httpx - INFO - HTTP Request: POST https://api.telegram.org/bot8554458574:AAHmpmEOGfjfNTSUDSLp0gBLyDLLEs_IxCM/getUpdates "HTTP/1.1 200 OK"
2026-05-26 00:12:08,725 - httpx - INFO - HTTP Request: POST https://api.telegram.org/bot8554458574:AAHmpmEOGfjfNTSUDSLp0gBLyDLLEs_IxCM/getUpdates "HTTP/1.1 200 OK"
2026-05-26 00:12:18,869 - httpx - INFO - HTTP Request: POST https://api.telegram.org/bot8554458574:AAHmpmEOGfjfNTSUDSLp0gBLyDLLEs_IxCM/getUpdates "HTTP/1.1 200 OK"
2026-05-26 00:12:29,020 - httpx - INFO - HTTP Request: POST https://api.telegram.org/bot8554458574:AAHmpmEOGfjfNTSUDSLp0gBLyDLLEs_IxCM/getUpdates "HTTP/1.1 200 OK"
2026-05-26 00:12:39,166 - httpx - INFO - HTTP Request: POST https://api.telegram.org/bot8554458574:AAHmpmEOGfjfNTSUDSLp0gBLyDLLEs_IxCM/getUpdates "HTTP/1.1 200 OK"
2026-05-26 00:12:49,313 - httpx - INFO - HTTP Request: POST https://api.telegram.org/bot8554458574:AAHmpmEOGfjfNTSUDSLp0gBLyDLLEs_IxCM/getUpdates "HTTP/1.1 200 OK"
2026-05-26 00:12:59,460 - httpx - INFO - HTTP Request: POST https://api.telegram.org/bot8554458574:AAHmpmEOGfjfNTSUDSLp0gBLyDLLEs_IxCM/getUpdates "HTTP/1.1 200 OK"
2026-05-26 00:13:09,605 - httpx - INFO - HTTP Request: POST https://api.telegram.org/bot8554458574:AAHmpmEOGfjfNTSUDSLp0gBLyDLLEs_IxCM/getUpdates "HTTP/1.1 200 OK"
2026-05-26 00:15:33,420 - TelegramBot - INFO - Self-pinging keep-alive loop initialized. Target URL: http://127.0.0.1:12345/ping
2026-05-26 00:15:34,723 - TelegramBot - INFO - Keep-alive HTTP server listening on 0.0.0.0:12345
